// Jest Snapshot v1, https://goo.gl/fbAQLP

exports[`ButtonSecondary matches the snapshot 1`] = `
<div>
  <button
    class="MuiButtonBase-root MuiButton-root MuiButton-outlined makeStyles-outlined-5 makeStyles-default-2 MuiButton-disableElevation"
    tabindex="0"
    type="button"
  >
    <span
      class="MuiButton-label makeStyles-label-3"
    >
      Button Label
    </span>
    <span
      class="MuiTouchRipple-root"
    />
  </button>
</div>
`;
