// Jest Snapshot v1, https://goo.gl/fbAQLP

exports[`ExpansionPanelDetailsBase matches the snapshot 1`] = `
<div>
  <div
    class="MuiExpansionPanelDetails-root"
  >
    <div>
      ExpansionPanelDetailsBase
    </div>
  </div>
</div>
`;
