// Jest Snapshot v1, https://goo.gl/fbAQLP

exports[`TableCellBase matches the snapshot 1`] = `
<div>
  <td
    class="MuiTableCell-root MuiTableCell-alignCenter"
  >
    Table Cell
  </td>
</div>
`;
