// Jest Snapshot v1, https://goo.gl/fbAQLP

exports[`RenderMetaTags matches the snapshot 1`] = `
Array [
  <meta
    content="Some description."
    name="description"
  />,
  <meta
    content="Some description."
    property="og:description"
  />,
  <meta
    content="Some description."
    name="twitter:text:description"
  />,
  <meta
    content="https://mawi.et-act.org"
    property="og:image"
  />,
  <meta
    content="https://mawi.et-act.org"
    name="twitter:image"
  />,
  <meta
    content="keyword1,keyword2,keyword3"
    name="keywords"
  />,
  <title
    itemProp="name"
    lang="en"
  >
    Some Title
  </title>,
  <meta
    content="Some Title"
    property="og:title"
  />,
  <meta
    content="Some Title"
    name="twitter:title"
  />,
]
`;
