// Jest Snapshot v1, https://goo.gl/fbAQLP

exports[`Container ACT theme matches the snapshot 1`] = `
<div>
  <div
    class="MuiContainer-root MuiContainer-maxWidthLg"
  >
    Hey
  </div>
</div>
`;

exports[`Container ACT_ET theme matches the snapshot 1`] = `
<div>
  <div
    class="MuiContainer-root MuiContainer-maxWidthLg"
  >
    Hey
  </div>
</div>
`;
