// Jest Snapshot v1, https://goo.gl/fbAQLP

exports[`ListBase matches the snapshot 1`] = `
<div>
  <ul
    class="MuiList-root MuiList-dense MuiList-padding"
  >
    List
  </ul>
</div>
`;
