// Jest Snapshot v1, https://goo.gl/fbAQLP

exports[`InputSecondary matches the snapshot 1`] = `
<div>
  <div
    class="MuiInputBase-root MuiInput-root makeStyles-inputRoot-4 makeStyles-default-1 MuiInputBase-marginDense MuiInput-marginDense"
  >
    <input
      class="MuiInputBase-input MuiInput-input makeStyles-inputInput-2 MuiInputBase-inputMarginDense MuiInput-inputMarginDense"
      type="text"
      value="Value"
    />
  </div>
</div>
`;
