// Jest Snapshot v1, https://goo.gl/fbAQLP

exports[`TableHeadRow matches the snapshot 1`] = `
<div>
  <tr
    class="MuiTableRow-root makeStyles-tableRowRoot-1"
  >
    child
  </tr>
</div>
`;
