// Jest Snapshot v1, https://goo.gl/fbAQLP

exports[`AppBarBase matches the snapshot 1`] = `
<div>
  <button
    class="MuiAppBarBase-root MuiAppBar-root MuiAppBar-text"
    tabindex="0"
    type="button"
  >
    <span
      class="MuiAppBar-label"
    >
      AppBar Label
    </span>
    <span
      class="MuiTouchRipple-root"
    />
  </button>
</div>
`;
