// Jest Snapshot v1, https://goo.gl/fbAQLP

exports[`GridContainer matches the snapshot 1`] = `
<div>
  <div
    class="MuiGrid-root MuiGrid-container"
  >
    GridContainer
  </div>
</div>
`;
