// Jest Snapshot v1, https://goo.gl/fbAQLP

exports[`ExpansionPanelBase matches the snapshot 1`] = `
<div>
  <div
    class="MuiPaper-root MuiExpansionPanel-root Mui-expanded MuiPaper-elevation1"
  >
    <div>
      ExpansionPanelBase
    </div>
    <div
      class="MuiCollapse-container MuiCollapse-entered"
      style="min-height: 0px;"
    >
      <div
        class="MuiCollapse-wrapper"
      >
        <div
          class="MuiCollapse-wrapperInner"
        >
          <div
            role="region"
          />
        </div>
      </div>
    </div>
  </div>
</div>
`;
