// Jest Snapshot v1, https://goo.gl/fbAQLP

exports[`TableBodyBase matches the snapshot 1`] = `
<div>
  <tbody
    class="MuiTableBody-root"
  >
    TableBody
  </tbody>
</div>
`;
