// Jest Snapshot v1, https://goo.gl/fbAQLP

exports[`TableContainer matches the snapshot 1`] = `
<div
  className="MuiTableContainer-root"
/>
`;
