// Jest Snapshot v1, https://goo.gl/fbAQLP

exports[`GridItem matches the snapshot 1`] = `
<div>
  <div
    class="MuiGrid-root MuiGrid-item"
  >
    GridItem
  </div>
</div>
`;
