// Jest Snapshot v1, https://goo.gl/fbAQLP

exports[`Select ACT theme matches the snapshot 1`] = `
<div>
  <div
    class="MuiInputBase-root MuiOutlinedInput-root"
  >
    <div
      aria-haspopup="listbox"
      class="MuiSelect-root MuiSelect-select MuiSelect-selectMenu MuiSelect-outlined MuiInputBase-input MuiOutlinedInput-input"
      role="button"
      tabindex="0"
    >
      One
    </div>
    <input
      aria-hidden="true"
      class="MuiSelect-nativeInput"
      tabindex="-1"
      value="ONE"
    />
    <svg
      aria-hidden="true"
      class="MuiSvgIcon-root MuiSelect-icon MuiSelect-iconOutlined"
      focusable="false"
      viewBox="0 0 24 24"
    >
      <path
        d="M7 10l5 5 5-5z"
      />
    </svg>
    <fieldset
      aria-hidden="true"
      class="PrivateNotchedOutline-root-1 MuiOutlinedInput-notchedOutline"
      style="padding-left: 8px;"
    >
      <legend
        class="PrivateNotchedOutline-legend-2"
        style="width: 0.01px;"
      >
        <span>
          â€‹
        </span>
      </legend>
    </fieldset>
  </div>
</div>
`;

exports[`Select ACT_ET theme matches the snapshot 1`] = `
<div>
  <div
    class="MuiInputBase-root MuiInput-root MuiInput-underline"
  >
    <div
      aria-haspopup="listbox"
      class="MuiSelect-root MuiSelect-select MuiSelect-selectMenu MuiInputBase-input MuiInput-input"
      role="button"
      tabindex="0"
    >
      One
    </div>
    <input
      aria-hidden="true"
      class="MuiSelect-nativeInput"
      tabindex="-1"
      value="ONE"
    />
    <svg
      aria-hidden="true"
      class="MuiSvgIcon-root MuiSelect-icon"
      focusable="false"
      viewBox="0 0 24 24"
    >
      <path
        d="M7 10l5 5 5-5z"
      />
    </svg>
  </div>
</div>
`;
