// Jest Snapshot v1, https://goo.gl/fbAQLP

exports[`DataTablePrimary matches the snapshot 1`] = `
<div>
  <div
    class="MuiPaper-root makeStyles-paperRoot-2 MuiTableContainer-root MuiPaper-elevation0 MuiPaper-rounded"
  >
    <table
      class="MuiTable-root"
    >
      <thead
        class="MuiTableHead-root"
      >
        <tr
          class="MuiTableRow-root MuiTableRow-head"
        >
          <div
            class="MuiTableCell-root makeStyles-tableCellRoot-5 makeStyles-tableCellRootSortable-6 makeStyles-tableCellRootSortApplied-7 MuiTableCell-head"
            role="columnheader"
            scope="col"
            style="width: 50px;"
          >
            <p
              class="MuiTypography-root makeStyles-typographyRoot-8 MuiTypography-body1"
            >
              ID
            </p>
            <div
              class="MuiGrid-root makeStyles-sortContainerRoot-3 MuiGrid-container"
            >
              <svg
                aria-hidden="true"
                class="MuiSvgIcon-root makeStyles-sortIconRoot-4"
                focusable="false"
                role="button"
                style="color: rgb(255, 255, 255);"
                viewBox="9 3 5 15"
              >
                <path
                  d="M7.41,15.41L12,10.83L16.59,15.41L18,14L12,8L6,14L7.41,15.41Z"
                />
              </svg>
              <svg
                aria-hidden="true"
                class="MuiSvgIcon-root makeStyles-sortIconRoot-4"
                focusable="false"
                role="button"
                viewBox="9 7 5 15"
              >
                <path
                  d="M7.41,8.58L12,13.17L16.59,8.58L18,10L12,16L6,10L7.41,8.58Z"
                />
              </svg>
            </div>
          </div>
          <div
            class="MuiTableCell-root makeStyles-tableCellRoot-5 makeStyles-tableCellRootSortable-6 MuiTableCell-head"
            role="columnheader"
            scope="col"
            style="width: 100px;"
          >
            <p
              class="MuiTypography-root makeStyles-typographyRoot-8 MuiTypography-body1"
            >
              Name
            </p>
            <div
              class="MuiGrid-root makeStyles-sortContainerRoot-3 MuiGrid-container"
            >
              <svg
                aria-hidden="true"
                class="MuiSvgIcon-root makeStyles-sortIconRoot-4"
                focusable="false"
                role="button"
                viewBox="9 3 5 15"
              >
                <path
                  d="M7.41,15.41L12,10.83L16.59,15.41L18,14L12,8L6,14L7.41,15.41Z"
                />
              </svg>
              <svg
                aria-hidden="true"
                class="MuiSvgIcon-root makeStyles-sortIconRoot-4"
                focusable="false"
                role="button"
                viewBox="9 7 5 15"
              >
                <path
                  d="M7.41,8.58L12,13.17L16.59,8.58L18,10L12,16L6,10L7.41,8.58Z"
                />
              </svg>
            </div>
          </div>
          <div
            class="MuiTableCell-root makeStyles-tableCellRoot-5 makeStyles-tableCellRootSortable-6 MuiTableCell-head"
            role="columnheader"
            scope="col"
            style="width: 100px;"
          >
            <p
              class="MuiTypography-root makeStyles-typographyRoot-8 MuiTypography-body1"
            >
              Field A
            </p>
            <div
              class="MuiGrid-root makeStyles-sortContainerRoot-3 MuiGrid-container"
            >
              <svg
                aria-hidden="true"
                class="MuiSvgIcon-root makeStyles-sortIconRoot-4"
                focusable="false"
                role="button"
                viewBox="9 3 5 15"
              >
                <path
                  d="M7.41,15.41L12,10.83L16.59,15.41L18,14L12,8L6,14L7.41,15.41Z"
                />
              </svg>
              <svg
                aria-hidden="true"
                class="MuiSvgIcon-root makeStyles-sortIconRoot-4"
                focusable="false"
                role="button"
                viewBox="9 7 5 15"
              >
                <path
                  d="M7.41,8.58L12,13.17L16.59,8.58L18,10L12,16L6,10L7.41,8.58Z"
                />
              </svg>
            </div>
          </div>
          <div
            class="MuiTableCell-root makeStyles-tableCellRoot-5 makeStyles-tableCellRootSortable-6 MuiTableCell-head"
            role="columnheader"
            scope="col"
            style="width: 100px;"
          >
            <p
              class="MuiTypography-root makeStyles-typographyRoot-8 MuiTypography-body1"
            >
              Field B
            </p>
            <div
              class="MuiGrid-root makeStyles-sortContainerRoot-3 MuiGrid-container"
            >
              <svg
                aria-hidden="true"
                class="MuiSvgIcon-root makeStyles-sortIconRoot-4"
                focusable="false"
                role="button"
                viewBox="9 3 5 15"
              >
                <path
                  d="M7.41,15.41L12,10.83L16.59,15.41L18,14L12,8L6,14L7.41,15.41Z"
                />
              </svg>
              <svg
                aria-hidden="true"
                class="MuiSvgIcon-root makeStyles-sortIconRoot-4"
                focusable="false"
                role="button"
                viewBox="9 7 5 15"
              >
                <path
                  d="M7.41,8.58L12,13.17L16.59,8.58L18,10L12,16L6,10L7.41,8.58Z"
                />
              </svg>
            </div>
          </div>
          <div
            class="MuiTableCell-root makeStyles-tableCellRoot-5 makeStyles-tableCellRootSortable-6 MuiTableCell-head"
            role="columnheader"
            scope="col"
            style="width: 100px;"
          >
            <p
              class="MuiTypography-root makeStyles-typographyRoot-8 MuiTypography-body1"
            >
              Field C
            </p>
            <div
              class="MuiGrid-root makeStyles-sortContainerRoot-3 MuiGrid-container"
            >
              <svg
                aria-hidden="true"
                class="MuiSvgIcon-root makeStyles-sortIconRoot-4"
                focusable="false"
                role="button"
                viewBox="9 3 5 15"
              >
                <path
                  d="M7.41,15.41L12,10.83L16.59,15.41L18,14L12,8L6,14L7.41,15.41Z"
                />
              </svg>
              <svg
                aria-hidden="true"
                class="MuiSvgIcon-root makeStyles-sortIconRoot-4"
                focusable="false"
                role="button"
                viewBox="9 7 5 15"
              >
                <path
                  d="M7.41,8.58L12,13.17L16.59,8.58L18,10L12,16L6,10L7.41,8.58Z"
                />
              </svg>
            </div>
          </div>
        </tr>
      </thead>
      <tbody
        class="MuiTableBody-root"
      >
        <tr
          class="MuiTableRow-root MuiTableRow-hover"
        >
          <td
            class="MuiTableCell-root makeStyles-tableCellRoot-9 MuiTableCell-body MuiTableCell-paddingNone"
            role="cell"
            scope="row"
            style="width: 50px;"
          >
            1
          </td>
          <td
            class="MuiTableCell-root makeStyles-tableCellRoot-9 MuiTableCell-body MuiTableCell-paddingNone"
            role="cell"
            scope="row"
            style="width: 100px;"
          >
            Item 1
          </td>
          <td
            class="MuiTableCell-root makeStyles-tableCellRoot-9 MuiTableCell-body MuiTableCell-paddingNone"
            role="cell"
            scope="row"
            style="width: 100px;"
          >
            Field A1
          </td>
          <td
            class="MuiTableCell-root makeStyles-tableCellRoot-9 MuiTableCell-body MuiTableCell-paddingNone"
            role="cell"
            scope="row"
            style="width: 100px;"
          >
            Field B1
          </td>
          <td
            class="MuiTableCell-root makeStyles-tableCellRoot-9 MuiTableCell-body MuiTableCell-paddingNone"
            role="cell"
            scope="row"
            style="width: 100px;"
          >
            Field C1
          </td>
        </tr>
        <tr
          class="MuiTableRow-root MuiTableRow-hover"
        >
          <td
            class="MuiTableCell-root makeStyles-tableCellRoot-9 MuiTableCell-body MuiTableCell-paddingNone"
            role="cell"
            scope="row"
            style="width: 50px;"
          >
            2
          </td>
          <td
            class="MuiTableCell-root makeStyles-tableCellRoot-9 MuiTableCell-body MuiTableCell-paddingNone"
            role="cell"
            scope="row"
            style="width: 100px;"
          >
            Item 2
          </td>
          <td
            class="MuiTableCell-root makeStyles-tableCellRoot-9 MuiTableCell-body MuiTableCell-paddingNone"
            role="cell"
            scope="row"
            style="width: 100px;"
          >
            Field A2
          </td>
          <td
            class="MuiTableCell-root makeStyles-tableCellRoot-9 MuiTableCell-body MuiTableCell-paddingNone"
            role="cell"
            scope="row"
            style="width: 100px;"
          >
            Field B2
          </td>
          <td
            class="MuiTableCell-root makeStyles-tableCellRoot-9 MuiTableCell-body MuiTableCell-paddingNone"
            role="cell"
            scope="row"
            style="width: 100px;"
          >
            Field C2
          </td>
        </tr>
        <tr
          class="MuiTableRow-root MuiTableRow-hover"
        >
          <td
            class="MuiTableCell-root makeStyles-tableCellRoot-9 MuiTableCell-body MuiTableCell-paddingNone"
            role="cell"
            scope="row"
            style="width: 50px;"
          >
            3
          </td>
          <td
            class="MuiTableCell-root makeStyles-tableCellRoot-9 MuiTableCell-body MuiTableCell-paddingNone"
            role="cell"
            scope="row"
            style="width: 100px;"
          >
            Item 3
          </td>
          <td
            class="MuiTableCell-root makeStyles-tableCellRoot-9 MuiTableCell-body MuiTableCell-paddingNone"
            role="cell"
            scope="row"
            style="width: 100px;"
          >
            Field A3
          </td>
          <td
            class="MuiTableCell-root makeStyles-tableCellRoot-9 MuiTableCell-body MuiTableCell-paddingNone"
            role="cell"
            scope="row"
            style="width: 100px;"
          >
            Field B3
          </td>
          <td
            class="MuiTableCell-root makeStyles-tableCellRoot-9 MuiTableCell-body MuiTableCell-paddingNone"
            role="cell"
            scope="row"
            style="width: 100px;"
          >
            Field C3
          </td>
        </tr>
        <tr
          class="MuiTableRow-root MuiTableRow-hover"
        >
          <td
            class="MuiTableCell-root makeStyles-tableCellRoot-9 MuiTableCell-body MuiTableCell-paddingNone"
            role="cell"
            scope="row"
            style="width: 50px;"
          >
            4
          </td>
          <td
            class="MuiTableCell-root makeStyles-tableCellRoot-9 MuiTableCell-body MuiTableCell-paddingNone"
            role="cell"
            scope="row"
            style="width: 100px;"
          >
            Item 4
          </td>
          <td
            class="MuiTableCell-root makeStyles-tableCellRoot-9 MuiTableCell-body MuiTableCell-paddingNone"
            role="cell"
            scope="row"
            style="width: 100px;"
          >
            Field A4
          </td>
          <td
            class="MuiTableCell-root makeStyles-tableCellRoot-9 MuiTableCell-body MuiTableCell-paddingNone"
            role="cell"
            scope="row"
            style="width: 100px;"
          >
            Field B4
          </td>
          <td
            class="MuiTableCell-root makeStyles-tableCellRoot-9 MuiTableCell-body MuiTableCell-paddingNone"
            role="cell"
            scope="row"
            style="width: 100px;"
          >
            Field C4
          </td>
        </tr>
        <tr
          class="MuiTableRow-root MuiTableRow-hover"
        >
          <td
            class="MuiTableCell-root makeStyles-tableCellRoot-9 MuiTableCell-body MuiTableCell-paddingNone"
            role="cell"
            scope="row"
            style="width: 50px;"
          >
            5
          </td>
          <td
            class="MuiTableCell-root makeStyles-tableCellRoot-9 MuiTableCell-body MuiTableCell-paddingNone"
            role="cell"
            scope="row"
            style="width: 100px;"
          >
            Item 5
          </td>
          <td
            class="MuiTableCell-root makeStyles-tableCellRoot-9 MuiTableCell-body MuiTableCell-paddingNone"
            role="cell"
            scope="row"
            style="width: 100px;"
          >
            Field A5
          </td>
          <td
            class="MuiTableCell-root makeStyles-tableCellRoot-9 MuiTableCell-body MuiTableCell-paddingNone"
            role="cell"
            scope="row"
            style="width: 100px;"
          >
            Field B5
          </td>
          <td
            class="MuiTableCell-root makeStyles-tableCellRoot-9 MuiTableCell-body MuiTableCell-paddingNone"
            role="cell"
            scope="row"
            style="width: 100px;"
          >
            Field C5
          </td>
        </tr>
      </tbody>
    </table>
  </div>
</div>
`;
