// Jest Snapshot v1, https://goo.gl/fbAQLP

exports[`SelectSecondary matches the snapshot 1`] = `
<div>
  <div
    class="MuiInputBase-root MuiOutlinedInput-root MuiInputBase-marginDense MuiOutlinedInput-marginDense"
  >
    <div
      aria-haspopup="listbox"
      class="MuiSelect-root makeStyles-selectRoot-5 makeStyles-selectRoot-2 MuiSelect-select makeStyles-selectComponentRoot-3 MuiSelect-selectMenu MuiSelect-outlined MuiInputBase-input MuiOutlinedInput-input MuiInputBase-inputMarginDense MuiOutlinedInput-inputMarginDense"
      role="button"
      tabindex="0"
    >
      One
    </div>
    <input
      aria-hidden="true"
      class="MuiSelect-nativeInput"
      tabindex="-1"
      value="ONE"
    />
    <svg
      aria-hidden="true"
      class="MuiSvgIcon-root MuiSelect-icon makeStyles-selectIcon-4 makeStyles-selectIcon-1 MuiSelect-iconOutlined"
      focusable="false"
      viewBox="0 0 24 24"
    >
      <path
        d="M7.41,8.58L12,13.17L16.59,8.58L18,10L12,16L6,10L7.41,8.58Z"
      />
    </svg>
    <fieldset
      aria-hidden="true"
      class="PrivateNotchedOutline-root-7 MuiOutlinedInput-notchedOutline"
      style="padding-left: 8px;"
    >
      <legend
        class="PrivateNotchedOutline-legend-8"
        style="width: 0.01px;"
      >
        <span>
          â€‹
        </span>
      </legend>
    </fieldset>
  </div>
</div>
`;
