// Jest Snapshot v1, https://goo.gl/fbAQLP

exports[`TooltipBase matches the snapshot 1`] = `
<div>
  <div
    class=""
    title="Tooltip title"
  >
    Tooltip Base
  </div>
</div>
`;
