// Jest Snapshot v1, https://goo.gl/fbAQLP

exports[`ButtonBase matches the snapshot 1`] = `
<div>
  <button
    class="MuiButtonBase-root MuiButton-root MuiButton-text"
    tabindex="0"
    type="button"
  >
    <span
      class="MuiButton-label"
    >
      Button Label
    </span>
    <span
      class="MuiTouchRipple-root"
    />
  </button>
</div>
`;
