// Jest Snapshot v1, https://goo.gl/fbAQLP

exports[`OutlinedInputBase matches the snapshot 1`] = `
<div>
  <div
    class="MuiInputBase-root MuiOutlinedInput-root"
  >
    <input
      class="MuiInputBase-input MuiOutlinedInput-input"
      type="text"
      value="Value"
    />
    <fieldset
      aria-hidden="true"
      class="PrivateNotchedOutline-root-1 MuiOutlinedInput-notchedOutline"
      style="padding-left: 8px;"
    >
      <legend
        class="PrivateNotchedOutline-legend-2"
        style="width: 0.01px;"
      >
        <span>
          â€‹
        </span>
      </legend>
    </fieldset>
  </div>
</div>
`;
