// Jest Snapshot v1, https://goo.gl/fbAQLP

exports[`ContainerBase matches the snapshot 1`] = `
<div>
  <div
    class="MuiContainer-root MuiContainer-maxWidthLg"
  >
    This is a test.
  </div>
</div>
`;
