// Jest Snapshot v1, https://goo.gl/fbAQLP

exports[`ThemeProviderPrimary matches the snapshot 1`] = `
<div>
  <p>
    This is a test
  </p>
</div>
`;
