// Jest Snapshot v1, https://goo.gl/fbAQLP

exports[`InputAdornmentBase matches the snapshot 1`] = `
<div>
  <div
    class="MuiInputAdornment-root MuiInputAdornment-positionStart"
  >
    <p
      class="MuiTypography-root MuiTypography-body1 MuiTypography-colorTextSecondary"
    >
      InputAdornment
    </p>
  </div>
</div>
`;
