// Jest Snapshot v1, https://goo.gl/fbAQLP

exports[`FormInputGroupsPrimary matches the snapshot 1`] = `
<div>
  <div
    class="MuiGrid-root MuiGrid-container makeStyles-gridContainerRoot-1 MuiGrid-spacing-xs-4"
  >
    <div
      class="MuiGrid-root MuiGrid-item makeStyles-gridItemRoot-2"
    >
      <div
        class="makeStyles-labelContainer-4"
      >
        <label
          class="MuiFormLabel-root MuiInputLabel-root makeStyles-labelRoot-6 MuiInputLabel-animated"
        >
          <div
            class="label-split"
          >
            <span>
              Input 1
            </span>
            <span
              class="required"
            >
              Required
            </span>
          </div>
        </label>
      </div>
      <div
        class="makeStyles-inputContainer-3"
      >
        <div
          class="MuiInputBase-root MuiInput-root makeStyles-inputRoot-9 MuiInputBase-fullWidth MuiInput-fullWidth MuiInputBase-marginDense MuiInput-marginDense"
          required=""
        >
          <input
            class="MuiInputBase-input MuiInput-input makeStyles-inputInput-7 MuiInputBase-inputMarginDense MuiInput-inputMarginDense"
            placeholder="Input 1"
            required=""
            type="text"
            value="value1"
          />
        </div>
      </div>
    </div>
    <div
      class="MuiGrid-root MuiGrid-item makeStyles-gridItemRoot-2"
    >
      <div
        class="makeStyles-labelContainer-4"
      >
        <label
          class="MuiFormLabel-root MuiInputLabel-root makeStyles-labelRoot-6 MuiInputLabel-animated"
        >
          <div
            class="label-split"
          >
            <span>
              Input 2
            </span>
            <span
              class="required"
            >
              Required
            </span>
          </div>
        </label>
      </div>
      <div
        class="makeStyles-inputContainer-3"
      >
        <div
          class="MuiInputBase-root MuiInput-root makeStyles-inputRoot-9 MuiInputBase-fullWidth MuiInput-fullWidth MuiInputBase-marginDense MuiInput-marginDense"
          required=""
        >
          <input
            class="MuiInputBase-input MuiInput-input makeStyles-inputInput-7 makeStyles-inputInputPassword-8 MuiInputBase-inputMarginDense MuiInput-inputMarginDense"
            placeholder="Input 2"
            required=""
            type="password"
            value="value2"
          />
        </div>
      </div>
    </div>
  </div>
  <div
    class="MuiGrid-root MuiGrid-container makeStyles-gridContainerRoot-1 MuiGrid-spacing-xs-4"
  >
    <div
      class="MuiGrid-root MuiGrid-item makeStyles-gridItemRoot-2"
    >
      <div
        class="makeStyles-labelContainer-4"
      >
        <label
          class="MuiFormLabel-root MuiInputLabel-root makeStyles-labelRoot-6 MuiInputLabel-animated"
        >
          <div
            class="label-split"
          >
            <span>
              Input 3
            </span>
          </div>
        </label>
      </div>
      <div
        class="makeStyles-inputContainer-3"
      >
        <div
          class="MuiInputBase-root MuiInput-root makeStyles-inputRoot-9 MuiInputBase-fullWidth MuiInput-fullWidth MuiInputBase-marginDense MuiInput-marginDense"
        >
          <input
            class="MuiInputBase-input MuiInput-input makeStyles-inputInput-7 MuiInputBase-inputMarginDense MuiInput-inputMarginDense"
            placeholder="Input 3"
            type="text"
            value="value3"
          />
        </div>
      </div>
    </div>
  </div>
</div>
`;
