// Jest Snapshot v1, https://goo.gl/fbAQLP

exports[`LinkText matches the snapshot 1`] = `
<div>
  <a
    class="MuiTypography-root MuiLink-root MuiLink-underlineHover MuiTypography-colorPrimary"
    href="https://www.act.org"
    target="_blank"
  >
    <div>
      children
    </div>
  </a>
</div>
`;
