// Jest Snapshot v1, https://goo.gl/fbAQLP

exports[`ListItemSecondaryActionBase matches the snapshot 1`] = `
<div>
  <div
    class="MuiListItemSecondaryAction-root"
  >
    ListItemSecondaryAction
  </div>
</div>
`;
