// Jest Snapshot v1, https://goo.gl/fbAQLP

exports[`CircularProgressBase matches the snapshot 1`] = `
<div>
  <div
    class="MuiCircularProgress-root MuiCircularProgress-colorPrimary MuiCircularProgress-indeterminate"
    role="progressbar"
    style="width: 30px; height: 30px;"
  >
    <svg
      class="MuiCircularProgress-svg"
      viewBox="22 22 44 44"
    >
      <circle
        class="MuiCircularProgress-circle MuiCircularProgress-circleIndeterminate"
        cx="44"
        cy="44"
        fill="none"
        r="20"
        stroke-width="4"
      />
    </svg>
  </div>
</div>
`;
