// Jest Snapshot v1, https://goo.gl/fbAQLP

exports[`GridBase matches the snapshot 1`] = `
<div>
  <div
    class="MuiGrid-root"
  >
    GridBase
  </div>
</div>
`;
